Traceback (most recent call last):
  File "c:\Users\u4eeevmq\Documents\Python\HyporheicFloPy\.venv\Lib\site-packages\jupyter_cache\executors\utils.py", line 58, in single_nb_execution
    executenb(
  File "c:\Users\u4eeevmq\Documents\Python\HyporheicFloPy\.venv\Lib\site-packages\nbclient\client.py", line 1319, in execute
    return NotebookClient(nb=nb, resources=resources, km=km, **kwargs).execute()
           ^^^^^^^^^^^^^^^^^^^^^^^^^^^^^^^^^^^^^^^^^^^^^^^^^^^^^^^^^^^^^^^^^^^^^
  File "c:\Users\u4eeevmq\Documents\Python\HyporheicFloPy\.venv\Lib\site-packages\jupyter_core\utils\__init__.py", line 165, in wrapped
    return loop.run_until_complete(inner)
           ^^^^^^^^^^^^^^^^^^^^^^^^^^^^^^
  File "C:\Program Files\Python311\Lib\asyncio\base_events.py", line 653, in run_until_complete
    return future.result()
           ^^^^^^^^^^^^^^^
  File "c:\Users\u4eeevmq\Documents\Python\HyporheicFloPy\.venv\Lib\site-packages\nbclient\client.py", line 709, in async_execute
    await self.async_execute_cell(
  File "c:\Users\u4eeevmq\Documents\Python\HyporheicFloPy\.venv\Lib\site-packages\nbclient\client.py", line 1062, in async_execute_cell
    await self._check_raise_for_error(cell, cell_index, exec_reply)
  File "c:\Users\u4eeevmq\Documents\Python\HyporheicFloPy\.venv\Lib\site-packages\nbclient\client.py", line 918, in _check_raise_for_error
    raise CellExecutionError.from_cell_and_msg(cell, exec_reply_content)
nbclient.exceptions.CellExecutionError: An error occurred while executing the following cell:
------------------
# --- Use real-world coordinates ---
delr = dis.delr.array  # shape: (ncol,)
delc = dis.delc.array  # shape: (nrow,)

x = np.cumsum(np.insert(delr, 0, 0))[:-1]  # left edge of each column
y = np.cumsum(np.insert(delc, 0, 0))[:-1]  # top edge of each row
X, Y = np.meshgrid(x, y)

# --- Load river cells ---
river_cells_csv = r"C:\Users\u4eeevmq\Documents\Python\HyporheicFloPy\river_cells.csv"
river_cells_df = pd.read_csv(river_cells_csv)  # columns: layer, row, col, river_stage

# --- Load model grid info ---
top = dis.top.array.copy()  # shape: (nrow, ncol)
botm = dis.botm.array       # shape: (nlay, nrow, ncol)

# --- Replace top elevations at river cells with river stage ---
for cell in river_cells_df.itertuples(index=False):
   k, j, i, stage = cell
   if k == 0:  # Only top layer
       top[j, i] = stage

# --- Load Pathline and Particle Data ---
part_sum = pd.read_csv(r"C:\Users\u4eeevmq\Documents\Python\HyporheicFloPy\Hyporheic_output\particle_data.csv")  # columns: x, y, z, group, etc.

# print first rows of particle summary
print(part_sum.head())

# --- Convert particle coordinates to real-world coordinates ---
mx_origin = 0 # model origin in meters
my_origin = 0 # model origin in meters

# Get arrays of indices
cols = part_sum['col'].astype(int).values
rows = part_sum['row'].astype(int).values

# Calculate X/Y model coordinates
xcoord = np.array([delr[:i].sum() + delr[i]/2 + mx_origin for i in cols])
ycoord = np.array([delc[:nrow - 1 - j].sum() + delc[nrow - 1 - j]/2 + my_origin for j in rows])

part_sum['m_xcoord'] = xcoord
part_sum['m_ycoord'] = ycoord

# print first rows of particle summary
print(part_sum.head())

# --- Find Start and End Points ---
start_points = part_sum.loc[
    part_sum.groupby('particleid')['res_time'].idxmin()
]

end_points = part_sum.loc[
    part_sum.groupby('particleid')['res_time'].idxmax()
]

# Get arrays of coordinates
start_x = start_points['m_xcoord'].values
start_y = start_points['m_ycoord'].values
start_z = start_points['zelev'].values

end_x = end_points['m_xcoord'].values
end_y = end_points['m_ycoord'].values
end_z = end_points['zelev'].values

# --- Plot the 3D cube ---
fig = plt.figure(figsize=(18, 18))
ax = fig.add_subplot(111, projection='3d')

zfac = 8.0  # Vertical exaggeration factor

top_scaled = top * zfac
botm_scaled = botm[-1] * zfac

# Top and bottom surfaces: white faces, black grid lines
surf_top = ax.plot_surface(
    X, Y, top,
    rstride=1, cstride=1,
    edgecolor='black', linewidth=0.1,
    color='white', alpha=0.05, antialiased=True
)
surf_bot = ax.plot_surface(
    X, Y, botm[-1],
    rstride=1, cstride=1,
    edgecolor='black', linewidth=0.1,
    color='white', alpha=0.05, antialiased=True
)

# Sides
y_side = y
x_side = x

# Left (x=0)
Z2 = np.column_stack([botm[-1, :, 0], top[:, 0]])  # shape (nrow, 2)
ax.plot_surface(
    np.zeros((nrow, 2)) + x[0], 
    np.repeat(y_side[:, None], 2, axis=1),
    Z2, rstride=1, cstride=1,
    edgecolor='black', linewidth=0.1,
    color='white', alpha=0.05
)

# Right (x=max)
Z2 = np.column_stack([botm[-1, :, -1], top[:, -1]])
ax.plot_surface(
    np.full((nrow, 2), x[-1]), 
    np.repeat(y_side[:, None], 2, axis=1),
    Z2, rstride=1, cstride=1,
    edgecolor='black', linewidth=0.1,
    color='white', alpha=0.05
)

# Front (y=0)
Z2 = np.column_stack([botm[-1, 0, :], top[0, :]])   # shape (ncol, 2)
ax.plot_surface(
    np.repeat(x_side[:, None], 2, axis=1),
    np.zeros((ncol, 2)) + y[0],
    Z2, rstride=1, cstride=1,
    edgecolor='black', linewidth=0.1,
    color='white', alpha=0.05
)

# Back (y=max)
Z2 = np.column_stack([botm[-1, -1, :], top[-1, :]])
ax.plot_surface(
    np.repeat(x_side[:, None], 2, axis=1),
    np.full((ncol, 2), y[-1]),
    Z2, rstride=1, cstride=1,
    edgecolor='black', linewidth=0.1,
    color='white', alpha=0.05
)

# --- Highlight river cells with scatter in real coords ---
# river_x = []
# river_y = []
# river_z = []

# for cell in river_cells_df.itertuples(index=False):
#     k, j, i, stage = cell
#     if k == 0:
#         river_x.append(x[i])
#         river_y.append(y[j])
#         river_z.append(stage)

# ax.scatter(
#     river_x, river_y, river_z,
#     color='red', s=40, label='River Stage', zorder=10, depthshade=True
# )

# Flag to only label the first pathline
first_pathline = True

for particleid, group in part_sum.groupby('particleid'):
    group = group.sort_values('res_time')
    if first_pathline:
        ax.plot(
            group['m_xcoord'], group['m_ycoord'], group['zelev'],
            color='blue', linewidth=0.2, alpha=0.8, label='Pathline'
        )
        first_pathline = False
    else:
        ax.plot(
            group['m_xcoord'], group['m_ycoord'], group['zelev'],
            color='blue', linewidth=0.5, alpha=0.8
        )
    
ax.scatter(end_x, end_y, end_z, color='red', s=5, label='End Points', zorder = 2)
ax.scatter(start_x, start_y, start_z, color='lime', s=5, label='Start Points', zorder = 1)

# After plotting, set box aspect using actual range of coordinates
ax.set_box_aspect([
    X.max() - X.min(), 
    Y.max() - Y.min(), 
    top_scaled.max() - botm_scaled[-1].min()
])

#ax.legend(loc='upper left')
ax.set_xlabel('Easting (m)', labelpad=15, fontsize=12)
ax.set_ylabel('Northing (m)', labelpad=15, fontsize=12)

# After plotting everything
ax.set_zlabel('')  # Hide default

# Place custom label at the top of the z-axis, using your vertical exaggeration scale
x_pos = X.max() * 1.3                   
y_pos = Y.mean()                    # Center of Y
z_pos = top.max() * 1.055    # Just above the max scaled elevation

# BUG FIX: Set z-axis label with custom position
ax.text(
    x_pos, y_pos, z_pos,
    'Elevation (ft)', fontsize=12, color='black',
    ha='center', va='bottom', rotation=0
)

plt.legend()
ax.set_title('Isometric View')
ax.zaxis.labelpad= -0.8  # <- change the value here
plt.show()

------------------


[1;31m---------------------------------------------------------------------------[0m
[1;31mFileNotFoundError[0m                         Traceback (most recent call last)
Cell [1;32mIn[4], line 24[0m
[0;32m     21[0m        top[j, i] [38;5;241m=[39m stage
[0;32m     23[0m [38;5;66;03m# --- Load Pathline and Particle Data ---[39;00m
[1;32m---> 24[0m part_sum [38;5;241m=[39m [43mpd[49m[38;5;241;43m.[39;49m[43mread_csv[49m[43m([49m[38;5;124;43mr[39;49m[38;5;124;43m"[39;49m[38;5;124;43mC:[39;49m[38;5;124;43m\[39;49m[38;5;124;43mUsers[39;49m[38;5;124;43m\[39;49m[38;5;124;43mu4eeevmq[39;49m[38;5;124;43m\[39;49m[38;5;124;43mDocuments[39;49m[38;5;124;43m\[39;49m[38;5;124;43mPython[39;49m[38;5;124;43m\[39;49m[38;5;124;43mHyporheicFloPy[39;49m[38;5;124;43m\[39;49m[38;5;124;43mHyporheic_output[39;49m[38;5;124;43m\[39;49m[38;5;124;43mparticle_data.csv[39;49m[38;5;124;43m"[39;49m[43m)[49m  [38;5;66;03m# columns: x, y, z, group, etc.[39;00m
[0;32m     26[0m [38;5;66;03m# print first rows of particle summary[39;00m
[0;32m     27[0m [38;5;28mprint[39m(part_sum[38;5;241m.[39mhead())

File [1;32mc:\Users\u4eeevmq\Documents\Python\HyporheicFloPy\.venv\Lib\site-packages\pandas\io\parsers\readers.py:1026[0m, in [0;36mread_csv[1;34m(filepath_or_buffer, sep, delimiter, header, names, index_col, usecols, dtype, engine, converters, true_values, false_values, skipinitialspace, skiprows, skipfooter, nrows, na_values, keep_default_na, na_filter, verbose, skip_blank_lines, parse_dates, infer_datetime_format, keep_date_col, date_parser, date_format, dayfirst, cache_dates, iterator, chunksize, compression, thousands, decimal, lineterminator, quotechar, quoting, doublequote, escapechar, comment, encoding, encoding_errors, dialect, on_bad_lines, delim_whitespace, low_memory, memory_map, float_precision, storage_options, dtype_backend)[0m
[0;32m   1013[0m kwds_defaults [38;5;241m=[39m _refine_defaults_read(
[0;32m   1014[0m     dialect,
[0;32m   1015[0m     delimiter,
[1;32m   (...)[0m
[0;32m   1022[0m     dtype_backend[38;5;241m=[39mdtype_backend,
[0;32m   1023[0m )
[0;32m   1024[0m kwds[38;5;241m.[39mupdate(kwds_defaults)
[1;32m-> 1026[0m [38;5;28;01mreturn[39;00m [43m_read[49m[43m([49m[43mfilepath_or_buffer[49m[43m,[49m[43m [49m[43mkwds[49m[43m)[49m

File [1;32mc:\Users\u4eeevmq\Documents\Python\HyporheicFloPy\.venv\Lib\site-packages\pandas\io\parsers\readers.py:620[0m, in [0;36m_read[1;34m(filepath_or_buffer, kwds)[0m
[0;32m    617[0m _validate_names(kwds[38;5;241m.[39mget([38;5;124m"[39m[38;5;124mnames[39m[38;5;124m"[39m, [38;5;28;01mNone[39;00m))
[0;32m    619[0m [38;5;66;03m# Create the parser.[39;00m
[1;32m--> 620[0m parser [38;5;241m=[39m [43mTextFileReader[49m[43m([49m[43mfilepath_or_buffer[49m[43m,[49m[43m [49m[38;5;241;43m*[39;49m[38;5;241;43m*[39;49m[43mkwds[49m[43m)[49m
[0;32m    622[0m [38;5;28;01mif[39;00m chunksize [38;5;129;01mor[39;00m iterator:
[0;32m    623[0m     [38;5;28;01mreturn[39;00m parser

File [1;32mc:\Users\u4eeevmq\Documents\Python\HyporheicFloPy\.venv\Lib\site-packages\pandas\io\parsers\readers.py:1620[0m, in [0;36mTextFileReader.__init__[1;34m(self, f, engine, **kwds)[0m
[0;32m   1617[0m     [38;5;28mself[39m[38;5;241m.[39moptions[[38;5;124m"[39m[38;5;124mhas_index_names[39m[38;5;124m"[39m] [38;5;241m=[39m kwds[[38;5;124m"[39m[38;5;124mhas_index_names[39m[38;5;124m"[39m]
[0;32m   1619[0m [38;5;28mself[39m[38;5;241m.[39mhandles: IOHandles [38;5;241m|[39m [38;5;28;01mNone[39;00m [38;5;241m=[39m [38;5;28;01mNone[39;00m
[1;32m-> 1620[0m [38;5;28mself[39m[38;5;241m.[39m_engine [38;5;241m=[39m [38;5;28;43mself[39;49m[38;5;241;43m.[39;49m[43m_make_engine[49m[43m([49m[43mf[49m[43m,[49m[43m [49m[38;5;28;43mself[39;49m[38;5;241;43m.[39;49m[43mengine[49m[43m)[49m

File [1;32mc:\Users\u4eeevmq\Documents\Python\HyporheicFloPy\.venv\Lib\site-packages\pandas\io\parsers\readers.py:1880[0m, in [0;36mTextFileReader._make_engine[1;34m(self, f, engine)[0m
[0;32m   1878[0m     [38;5;28;01mif[39;00m [38;5;124m"[39m[38;5;124mb[39m[38;5;124m"[39m [38;5;129;01mnot[39;00m [38;5;129;01min[39;00m mode:
[0;32m   1879[0m         mode [38;5;241m+[39m[38;5;241m=[39m [38;5;124m"[39m[38;5;124mb[39m[38;5;124m"[39m
[1;32m-> 1880[0m [38;5;28mself[39m[38;5;241m.[39mhandles [38;5;241m=[39m [43mget_handle[49m[43m([49m
[0;32m   1881[0m [43m    [49m[43mf[49m[43m,[49m
[0;32m   1882[0m [43m    [49m[43mmode[49m[43m,[49m
[0;32m   1883[0m [43m    [49m[43mencoding[49m[38;5;241;43m=[39;49m[38;5;28;43mself[39;49m[38;5;241;43m.[39;49m[43moptions[49m[38;5;241;43m.[39;49m[43mget[49m[43m([49m[38;5;124;43m"[39;49m[38;5;124;43mencoding[39;49m[38;5;124;43m"[39;49m[43m,[49m[43m [49m[38;5;28;43;01mNone[39;49;00m[43m)[49m[43m,[49m
[0;32m   1884[0m [43m    [49m[43mcompression[49m[38;5;241;43m=[39;49m[38;5;28;43mself[39;49m[38;5;241;43m.[39;49m[43moptions[49m[38;5;241;43m.[39;49m[43mget[49m[43m([49m[38;5;124;43m"[39;49m[38;5;124;43mcompression[39;49m[38;5;124;43m"[39;49m[43m,[49m[43m [49m[38;5;28;43;01mNone[39;49;00m[43m)[49m[43m,[49m
[0;32m   1885[0m [43m    [49m[43mmemory_map[49m[38;5;241;43m=[39;49m[38;5;28;43mself[39;49m[38;5;241;43m.[39;49m[43moptions[49m[38;5;241;43m.[39;49m[43mget[49m[43m([49m[38;5;124;43m"[39;49m[38;5;124;43mmemory_map[39;49m[38;5;124;43m"[39;49m[43m,[49m[43m [49m[38;5;28;43;01mFalse[39;49;00m[43m)[49m[43m,[49m
[0;32m   1886[0m [43m    [49m[43mis_text[49m[38;5;241;43m=[39;49m[43mis_text[49m[43m,[49m
[0;32m   1887[0m [43m    [49m[43merrors[49m[38;5;241;43m=[39;49m[38;5;28;43mself[39;49m[38;5;241;43m.[39;49m[43moptions[49m[38;5;241;43m.[39;49m[43mget[49m[43m([49m[38;5;124;43m"[39;49m[38;5;124;43mencoding_errors[39;49m[38;5;124;43m"[39;49m[43m,[49m[43m [49m[38;5;124;43m"[39;49m[38;5;124;43mstrict[39;49m[38;5;124;43m"[39;49m[43m)[49m[43m,[49m
[0;32m   1888[0m [43m    [49m[43mstorage_options[49m[38;5;241;43m=[39;49m[38;5;28;43mself[39;49m[38;5;241;43m.[39;49m[43moptions[49m[38;5;241;43m.[39;49m[43mget[49m[43m([49m[38;5;124;43m"[39;49m[38;5;124;43mstorage_options[39;49m[38;5;124;43m"[39;49m[43m,[49m[43m [49m[38;5;28;43;01mNone[39;49;00m[43m)[49m[43m,[49m
[0;32m   1889[0m [43m[49m[43m)[49m
[0;32m   1890[0m [38;5;28;01massert[39;00m [38;5;28mself[39m[38;5;241m.[39mhandles [38;5;129;01mis[39;00m [38;5;129;01mnot[39;00m [38;5;28;01mNone[39;00m
[0;32m   1891[0m f [38;5;241m=[39m [38;5;28mself[39m[38;5;241m.[39mhandles[38;5;241m.[39mhandle

File [1;32mc:\Users\u4eeevmq\Documents\Python\HyporheicFloPy\.venv\Lib\site-packages\pandas\io\common.py:873[0m, in [0;36mget_handle[1;34m(path_or_buf, mode, encoding, compression, memory_map, is_text, errors, storage_options)[0m
[0;32m    868[0m [38;5;28;01melif[39;00m [38;5;28misinstance[39m(handle, [38;5;28mstr[39m):
[0;32m    869[0m     [38;5;66;03m# Check whether the filename is to be opened in binary mode.[39;00m
[0;32m    870[0m     [38;5;66;03m# Binary mode does not support 'encoding' and 'newline'.[39;00m
[0;32m    871[0m     [38;5;28;01mif[39;00m ioargs[38;5;241m.[39mencoding [38;5;129;01mand[39;00m [38;5;124m"[39m[38;5;124mb[39m[38;5;124m"[39m [38;5;129;01mnot[39;00m [38;5;129;01min[39;00m ioargs[38;5;241m.[39mmode:
[0;32m    872[0m         [38;5;66;03m# Encoding[39;00m
[1;32m--> 873[0m         handle [38;5;241m=[39m [38;5;28;43mopen[39;49m[43m([49m
[0;32m    874[0m [43m            [49m[43mhandle[49m[43m,[49m
[0;32m    875[0m [43m            [49m[43mioargs[49m[38;5;241;43m.[39;49m[43mmode[49m[43m,[49m
[0;32m    876[0m [43m            [49m[43mencoding[49m[38;5;241;43m=[39;49m[43mioargs[49m[38;5;241;43m.[39;49m[43mencoding[49m[43m,[49m
[0;32m    877[0m [43m            [49m[43merrors[49m[38;5;241;43m=[39;49m[43merrors[49m[43m,[49m
[0;32m    878[0m [43m            [49m[43mnewline[49m[38;5;241;43m=[39;49m[38;5;124;43m"[39;49m[38;5;124;43m"[39;49m[43m,[49m
[0;32m    879[0m [43m        [49m[43m)[49m
[0;32m    880[0m     [38;5;28;01melse[39;00m:
[0;32m    881[0m         [38;5;66;03m# Binary mode[39;00m
[0;32m    882[0m         handle [38;5;241m=[39m [38;5;28mopen[39m(handle, ioargs[38;5;241m.[39mmode)

[1;31mFileNotFoundError[0m: [Errno 2] No such file or directory: 'C:\\Users\\u4eeevmq\\Documents\\Python\\HyporheicFloPy\\Hyporheic_output\\particle_data.csv'

