Traceback (most recent call last):
  File "c:\Users\u4eeevmq\Documents\Python\HyporheicFloPy\.venv\Lib\site-packages\jupyter_cache\executors\utils.py", line 58, in single_nb_execution
    executenb(
  File "c:\Users\u4eeevmq\Documents\Python\HyporheicFloPy\.venv\Lib\site-packages\nbclient\client.py", line 1319, in execute
    return NotebookClient(nb=nb, resources=resources, km=km, **kwargs).execute()
           ^^^^^^^^^^^^^^^^^^^^^^^^^^^^^^^^^^^^^^^^^^^^^^^^^^^^^^^^^^^^^^^^^^^^^
  File "c:\Users\u4eeevmq\Documents\Python\HyporheicFloPy\.venv\Lib\site-packages\jupyter_core\utils\__init__.py", line 165, in wrapped
    return loop.run_until_complete(inner)
           ^^^^^^^^^^^^^^^^^^^^^^^^^^^^^^
  File "C:\Program Files\Python311\Lib\asyncio\base_events.py", line 653, in run_until_complete
    return future.result()
           ^^^^^^^^^^^^^^^
  File "c:\Users\u4eeevmq\Documents\Python\HyporheicFloPy\.venv\Lib\site-packages\nbclient\client.py", line 709, in async_execute
    await self.async_execute_cell(
  File "c:\Users\u4eeevmq\Documents\Python\HyporheicFloPy\.venv\Lib\site-packages\nbclient\client.py", line 1062, in async_execute_cell
    await self._check_raise_for_error(cell, cell_index, exec_reply)
  File "c:\Users\u4eeevmq\Documents\Python\HyporheicFloPy\.venv\Lib\site-packages\nbclient\client.py", line 918, in _check_raise_for_error
    raise CellExecutionError.from_cell_and_msg(cell, exec_reply_content)
nbclient.exceptions.CellExecutionError: An error occurred while executing the following cell:
------------------
#---------------------- Calculate Graoundwater Elevation ------------------------#
## Interpolate Groundwater Elevation Across Boundary Cells
def interpolate_gw_elevation(boundary_cells_first_layer, gw_elevation_first, gw_elevation_last, nlay):
    
    n = len(boundary_cells_first_layer)
    if n <= 1:
        # If there's only one cell, apply the same value to all layers
        interpolated_gw_elevations_first_layer = [gw_elevation_first] * n
    else:
        # Interpolate values across the first layer
        interpolated_gw_elevations_first_layer = [
            gw_elevation_first + (gw_elevation_last - gw_elevation_first) * i / (n - 1)
            for i in range(n)
        ]

    # Replicate the interpolated values for the first layer across all layers
    gw_elevations_all_layers = []
    for _ in range(nlay):
        gw_elevations_all_layers.extend(interpolated_gw_elevations_first_layer)

    return gw_elevations_all_layers

## Function to find intersections and interpolate groundwater elevations
def interpolate_gw_elevation_with_river(boundary_cells_first_layer, gw_elevation_first, gw_elevation_last, nlay, river_cells):
    
    # Extract river cell coordinates and elevations
    river_cell_dict = {(y, x): river_height for k, y, x, river_height in river_cells}

    # Interpolate values across the first layer
    n = len(boundary_cells_first_layer)
    if n <= 1:
        interpolated_gw_elevations_first_layer = [gw_elevation_first] * n
    else:
        interpolated_gw_elevations_first_layer = [
            gw_elevation_first + (gw_elevation_last - gw_elevation_first) * i / (n - 1)
            for i in range(n)
        ]

    # Replace interpolated values with river elevations where they intersect
    for i, (y, x) in enumerate(boundary_cells_first_layer):
        if (y, x) in river_cell_dict:
            interpolated_gw_elevations_first_layer[i] = river_cell_dict[(y, x)]

    # Replicate the interpolated values for the first layer across all layers
    gw_elevations_all_layers = []
    for _ in range(nlay):
        gw_elevations_all_layers.extend(interpolated_gw_elevations_first_layer)

    return gw_elevations_all_layers

## Interpolate groundwater elevations for each boundary
gw_elevation_left = interpolate_gw_elevation(
left_boundary_cells_first_layer,    # List of (y, x) for left boundary cells in the first layer
left_boundary_cells,                # List of (y, x) for left boundary cells
gw_elevation_left_first,            # First elevation for interpolation
gw_elevation_left_last,             # Last elevation for interpolation
nlay)                               # Number of layers

gw_elevation_right = interpolate_gw_elevation(
    right_boundary_cells_first_layer,   # List of (y, x) for right boundary cells in the first layer
    right_boundary_cells,               # List of (y, x) for right boundary cells
    gw_elevation_right_first,           # First elevation for interpolation
    gw_elevation_right_last,            # Last elevation for interpolation
    nlay)                               # Number of layers

gw_elevation_upstream = interpolate_gw_elevation_with_river(
    upstream_boundary_cells_first_layer,  # List of (y, x) for upstream boundary cells in the first layer
    gw_elevation_upstream_first,          # First elevation for interpolation
    gw_elevation_upstream_last,           # Last elevation for interpolation
    nlay,                                 # Number of layers
    river_cells                           # List of river cells
)

gw_elevation_downstream = interpolate_gw_elevation_with_river(
    downstream_boundary_cells_first_layer,  # List of (y, x) for downstream boundary cells in the first layer
    gw_elevation_downstream_first,          # First elevation for interpolation
    gw_elevation_downstream_last,           # Last elevation for interpolation
    nlay,                                   # Number of layers
    river_cells                             # List of river cells
)

# DEBUGGING: Check if the interpolated values are correct
cell_id_to_inspect = left_boundary_cells_first_layer[0]  # Replace with the desired cell ID

# DEBUGGING: Find the index of the cell in the first layer
cell_index = left_boundary_cells_first_layer.index(cell_id_to_inspect)

# DEBUGGING: Extract the groundwater elevations for the cell across all layers
gw_elevation_for_cell = [
    gw_elevation_left[layer * len(left_boundary_cells_first_layer) + cell_index]
    for layer in range(nlay)
]

# DEBUGGING: Print the groundwater elevations for the cell across all layers
print(f"Groundwater elevations for cell {cell_id_to_inspect} across all layers:")
for layer, elevation in enumerate(gw_elevation_for_cell):
    print(f"  Layer {layer + 1}: {elevation}")

# DEBUGGING: Print the interpolated groundwater elevations
print("Left Boundary Groundwater Elevations:", gw_elevation_left)
print("Right Boundary Groundwater Elevations:", gw_elevation_right)
print("Upstream Boundary Groundwater Elevations:", gw_elevation_upstream)
print("Downstream Boundary Groundwater Elevations:", gw_elevation_downstream)
------------------


[1;31m---------------------------------------------------------------------------[0m
[1;31mTypeError[0m                                 Traceback (most recent call last)
Cell [1;32mIn[6], line 52[0m
[0;32m     49[0m     [38;5;28;01mreturn[39;00m gw_elevations_all_layers
[0;32m     51[0m [38;5;66;03m## Interpolate groundwater elevations for each boundary[39;00m
[1;32m---> 52[0m gw_elevation_left [38;5;241m=[39m [43minterpolate_gw_elevation[49m[43m([49m
[0;32m     53[0m [43mleft_boundary_cells_first_layer[49m[43m,[49m[43m    [49m[38;5;66;43;03m# List of (y, x) for left boundary cells in the first layer[39;49;00m
[0;32m     54[0m [43mleft_boundary_cells[49m[43m,[49m[43m                [49m[38;5;66;43;03m# List of (y, x) for left boundary cells[39;49;00m
[0;32m     55[0m [43mgw_elevation_left_first[49m[43m,[49m[43m            [49m[38;5;66;43;03m# First elevation for interpolation[39;49;00m
[0;32m     56[0m [43mgw_elevation_left_last[49m[43m,[49m[43m             [49m[38;5;66;43;03m# Last elevation for interpolation[39;49;00m
[0;32m     57[0m [43mnlay[49m[43m)[49m                               [38;5;66;03m# Number of layers[39;00m
[0;32m     59[0m gw_elevation_right [38;5;241m=[39m interpolate_gw_elevation(
[0;32m     60[0m     right_boundary_cells_first_layer,   [38;5;66;03m# List of (y, x) for right boundary cells in the first layer[39;00m
[0;32m     61[0m     right_boundary_cells,               [38;5;66;03m# List of (y, x) for right boundary cells[39;00m
[0;32m     62[0m     gw_elevation_right_first,           [38;5;66;03m# First elevation for interpolation[39;00m
[0;32m     63[0m     gw_elevation_right_last,            [38;5;66;03m# Last elevation for interpolation[39;00m
[0;32m     64[0m     nlay)                               [38;5;66;03m# Number of layers[39;00m
[0;32m     66[0m gw_elevation_upstream [38;5;241m=[39m interpolate_gw_elevation_with_river(
[0;32m     67[0m     upstream_boundary_cells_first_layer,  [38;5;66;03m# List of (y, x) for upstream boundary cells in the first layer[39;00m
[0;32m     68[0m     gw_elevation_upstream_first,          [38;5;66;03m# First elevation for interpolation[39;00m
[1;32m   (...)[0m
[0;32m     71[0m     river_cells                           [38;5;66;03m# List of river cells[39;00m
[0;32m     72[0m )

[1;31mTypeError[0m: interpolate_gw_elevation() takes 4 positional arguments but 5 were given

