Traceback (most recent call last):
  File "c:\Users\u4eeevmq\Documents\Python\HyporheicFloPy\.venv\Lib\site-packages\jupyter_cache\executors\utils.py", line 58, in single_nb_execution
    executenb(
  File "c:\Users\u4eeevmq\Documents\Python\HyporheicFloPy\.venv\Lib\site-packages\nbclient\client.py", line 1319, in execute
    return NotebookClient(nb=nb, resources=resources, km=km, **kwargs).execute()
           ^^^^^^^^^^^^^^^^^^^^^^^^^^^^^^^^^^^^^^^^^^^^^^^^^^^^^^^^^^^^^^^^^^^^^
  File "c:\Users\u4eeevmq\Documents\Python\HyporheicFloPy\.venv\Lib\site-packages\jupyter_core\utils\__init__.py", line 165, in wrapped
    return loop.run_until_complete(inner)
           ^^^^^^^^^^^^^^^^^^^^^^^^^^^^^^
  File "C:\Program Files\Python311\Lib\asyncio\base_events.py", line 653, in run_until_complete
    return future.result()
           ^^^^^^^^^^^^^^^
  File "c:\Users\u4eeevmq\Documents\Python\HyporheicFloPy\.venv\Lib\site-packages\nbclient\client.py", line 709, in async_execute
    await self.async_execute_cell(
  File "c:\Users\u4eeevmq\Documents\Python\HyporheicFloPy\.venv\Lib\site-packages\nbclient\client.py", line 1062, in async_execute_cell
    await self._check_raise_for_error(cell, cell_index, exec_reply)
  File "c:\Users\u4eeevmq\Documents\Python\HyporheicFloPy\.venv\Lib\site-packages\nbclient\client.py", line 918, in _check_raise_for_error
    raise CellExecutionError.from_cell_and_msg(cell, exec_reply_content)
nbclient.exceptions.CellExecutionError: An error occurred while executing the following cell:
------------------
#----------------------Calculate Ground Water Elevation------------------------#
## Define the grid points (assuming grid_points is a GeoDataFrame with 'geometry' column)
grid_points_coords = [(point.x, point.y) for point in grid_points.geometry]

## Extract elevation values at grid points
elevation_values = []
with rasterio.open(cropped_output_raster) as src:
    for x, y in grid_points_coords:
        row, col = rowcol(src.transform, x, y)
        if 0 <= row < src.height and 0 <= col < src.width:
            elevation = src.read(1)[row, col]
            elevation_values.append(elevation)
        else:
            elevation_values.append(None)  # Append None if the point is out of bounds

## Create a DataFrame with the grid points and their corresponding elevation values
grid_points_df = pd.DataFrame({
    'x': [coord[0] for coord in grid_points_coords],
    'y': [coord[1] for coord in grid_points_coords],
    'elevation': elevation_values
})

## Save the DataFrame to a CSV file
output_csv = "grid_points_elevation.csv"
grid_points_df.to_csv(output_csv, index=False)

print(f"Grid points elevation values saved as {output_csv}")

## Read the CSV file
grid_points_df = pd.read_csv(output_csv)

## Function to get max elevation for boundary cells
def get_max_elevation(boundary_cells_coords, grid_points_df):
    elevations = []
    for x, y in boundary_cells_coords:
        elevation = grid_points_df.loc[(grid_points_df['x'] == x) & (grid_points_df['y'] == y), 'elevation'].values
        if elevation.size > 0:
            elevations.append(elevation[0])
    return max(elevations) if elevations else None

## Find matching coordinates for boundary cells
upstream_boundary_cells_coords = [(grid_x[row, col], grid_y[row, col]) for _, row, col in upstream_boundary_cells_first_layer]
downstream_boundary_cells_coords = [(grid_x[row, col], grid_y[row, col]) for _, row, col in downstream_boundary_cells_first_layer]

## Calculate max surface water elevation for upstream and downstream boundary cells
max_elevation_upstream = get_max_elevation(upstream_boundary_cells_coords, grid_points_df)
max_elevation_downstream = get_max_elevation(downstream_boundary_cells_coords, grid_points_df)

## Print max elevations
print("Max Elevation Upstream Boundary:", max_elevation_upstream)
print("Max Elevation Downstream Boundary:", max_elevation_downstream)
------------------

----- stderr -----
INFO:rasterio._env:GDAL signalled an error: err_no=4, msg='cropped_water_surface_elevation_raster.tif: No such file or directory'
------------------

[1;31m---------------------------------------------------------------------------[0m
[1;31mCPLE_OpenFailedError[0m                      Traceback (most recent call last)
File [1;32mrasterio\\_base.pyx:310[0m, in [0;36mrasterio._base.DatasetBase.__init__[1;34m()[0m

File [1;32mrasterio\\_base.pyx:221[0m, in [0;36mrasterio._base.open_dataset[1;34m()[0m

File [1;32mrasterio\\_err.pyx:359[0m, in [0;36mrasterio._err.exc_wrap_pointer[1;34m()[0m

[1;31mCPLE_OpenFailedError[0m: cropped_water_surface_elevation_raster.tif: No such file or directory

During handling of the above exception, another exception occurred:

[1;31mRasterioIOError[0m                           Traceback (most recent call last)
Cell [1;32mIn[3], line 7[0m
[0;32m      5[0m [38;5;66;03m## Extract elevation values at grid points[39;00m
[0;32m      6[0m elevation_values [38;5;241m=[39m []
[1;32m----> 7[0m [38;5;28;01mwith[39;00m [43mrasterio[49m[38;5;241;43m.[39;49m[43mopen[49m[43m([49m[43mcropped_output_raster[49m[43m)[49m [38;5;28;01mas[39;00m src:
[0;32m      8[0m     [38;5;28;01mfor[39;00m x, y [38;5;129;01min[39;00m grid_points_coords:
[0;32m      9[0m         row, col [38;5;241m=[39m rowcol(src[38;5;241m.[39mtransform, x, y)

File [1;32mc:\Users\u4eeevmq\Documents\Python\HyporheicFloPy\.venv\Lib\site-packages\rasterio\env.py:463[0m, in [0;36mensure_env_with_credentials.<locals>.wrapper[1;34m(*args, **kwds)[0m
[0;32m    460[0m     session [38;5;241m=[39m DummySession()
[0;32m    462[0m [38;5;28;01mwith[39;00m env_ctor(session[38;5;241m=[39msession):
[1;32m--> 463[0m     [38;5;28;01mreturn[39;00m [43mf[49m[43m([49m[38;5;241;43m*[39;49m[43margs[49m[43m,[49m[43m [49m[38;5;241;43m*[39;49m[38;5;241;43m*[39;49m[43mkwds[49m[43m)[49m

File [1;32mc:\Users\u4eeevmq\Documents\Python\HyporheicFloPy\.venv\Lib\site-packages\rasterio\__init__.py:368[0m, in [0;36mopen[1;34m(fp, mode, driver, width, height, count, crs, transform, dtype, nodata, sharing, opener, **kwargs)[0m
[0;32m    365[0m     path [38;5;241m=[39m _parse_path(raw_dataset_path)
[0;32m    367[0m [38;5;28;01mif[39;00m mode [38;5;241m==[39m [38;5;124m"[39m[38;5;124mr[39m[38;5;124m"[39m:
[1;32m--> 368[0m     dataset [38;5;241m=[39m [43mDatasetReader[49m[43m([49m[43mpath[49m[43m,[49m[43m [49m[43mdriver[49m[38;5;241;43m=[39;49m[43mdriver[49m[43m,[49m[43m [49m[43msharing[49m[38;5;241;43m=[39;49m[43msharing[49m[43m,[49m[43m [49m[38;5;241;43m*[39;49m[38;5;241;43m*[39;49m[43mkwargs[49m[43m)[49m
[0;32m    369[0m [38;5;28;01melif[39;00m mode [38;5;241m==[39m [38;5;124m"[39m[38;5;124mr+[39m[38;5;124m"[39m:
[0;32m    370[0m     dataset [38;5;241m=[39m get_writer_for_path(path, driver[38;5;241m=[39mdriver)(
[0;32m    371[0m         path, mode, driver[38;5;241m=[39mdriver, sharing[38;5;241m=[39msharing, [38;5;241m*[39m[38;5;241m*[39mkwargs
[0;32m    372[0m     )

File [1;32mrasterio\\_base.pyx:312[0m, in [0;36mrasterio._base.DatasetBase.__init__[1;34m()[0m

[1;31mRasterioIOError[0m: cropped_water_surface_elevation_raster.tif: No such file or directory

