Traceback (most recent call last):
  File "c:\Users\u4eeevmq\Documents\Python\HyporheicFloPy\.venv\Lib\site-packages\jupyter_cache\executors\utils.py", line 58, in single_nb_execution
    executenb(
  File "c:\Users\u4eeevmq\Documents\Python\HyporheicFloPy\.venv\Lib\site-packages\nbclient\client.py", line 1319, in execute
    return NotebookClient(nb=nb, resources=resources, km=km, **kwargs).execute()
           ^^^^^^^^^^^^^^^^^^^^^^^^^^^^^^^^^^^^^^^^^^^^^^^^^^^^^^^^^^^^^^^^^^^^^
  File "c:\Users\u4eeevmq\Documents\Python\HyporheicFloPy\.venv\Lib\site-packages\jupyter_core\utils\__init__.py", line 165, in wrapped
    return loop.run_until_complete(inner)
           ^^^^^^^^^^^^^^^^^^^^^^^^^^^^^^
  File "C:\Program Files\Python311\Lib\asyncio\base_events.py", line 653, in run_until_complete
    return future.result()
           ^^^^^^^^^^^^^^^
  File "c:\Users\u4eeevmq\Documents\Python\HyporheicFloPy\.venv\Lib\site-packages\nbclient\client.py", line 709, in async_execute
    await self.async_execute_cell(
  File "c:\Users\u4eeevmq\Documents\Python\HyporheicFloPy\.venv\Lib\site-packages\nbclient\client.py", line 1062, in async_execute_cell
    await self._check_raise_for_error(cell, cell_index, exec_reply)
  File "c:\Users\u4eeevmq\Documents\Python\HyporheicFloPy\.venv\Lib\site-packages\nbclient\client.py", line 918, in _check_raise_for_error
    raise CellExecutionError.from_cell_and_msg(cell, exec_reply_content)
nbclient.exceptions.CellExecutionError: An error occurred while executing the following cell:
------------------
# Import Libraries
%run /Users/u4eeevmq/Documents/Python/HyporheicFloPy/VQuintana/common_imports.py

# Retrieve stored variables
%store -r md6_exe_path
%store -r md7_exe_path
%store -r sim_name
%store -r workspace
%store -r figs_path
%store -r gwf_name
%store -r mp7_name
%store -r gwf_ws
%store -r mp7_ws
%store -r headfile
%store -r head_filerecord
%store -r budgetfile
%store -r budget_filerecord
%store -r write
%store -r run
%store -r plot
%store -r plot_show
%store -r plot_save

# Retrieve model parameters
%store -r length_units
%store -r time_units
%store -r nper
%store -r cell_size_x
%store -r cell_size_y
%store -r gw_mod_depth
%store -r z
%store -r kh
%store -r kv
%store -r gw_offset
%store -r porosity
%store -r rch_iface
%store -r rch_iflowface
%store -r recharge_rate
%store -r nstp
%store -r perlen
%store -r tsmult

# Retrieve spatial data
%store -r hec_ras_crs
%store -r terrain_elevation
%store -r raster_transform
%store -r transform
%store -r raster_crs
%store -r terrain_output_raster
%store -r water_surface_output_raster
%store -r cropped_output_raster
%store -r ground_water_domain
%store -r left_boundary
%store -r right_boundary

# retrieve model domain data
%store -r terrain_elevation
%store -r raster_transform
%store -r raster_crs
%store -r raster_bounds_box
%store -r bed_elevation
%store -r raster_width
%store -r raster_height
%store -r ncol
%store -r nrow
%store -r top
%store -r nlay
%store -r grid_x
%store -r grid_y
%store -r grid_points
%store -r intersecting_points
%store -r xorigin
%store -r yorigin
%store -r xmin
%store -r ymin
%store -r xmax
%store -r ymax
%store -r tops
%store -r botm

# retrieve model boundary data
%store -r left_start
%store -r left_end
%store -r right_start
%store -r right_end
%store -r upstream_start_x
%store -r upstream_start_y
%store -r upstream_end_x
%store -r upstream_end_y
%store -r downstream_start_x
%store -r downstream_start_y
%store -r downstream_end_x
%store -r downstream_end_y
%store -r upstream_line
%store -r downstream_line
%store -r upstream_boundary
%store -r downstream_boundary
%store -r grid_cells
%store -r grid_gdf
%store -r idomain

# retrieve model boundary conditions
%store -r boundary_cells
%store -r left_boundary_cells
%store -r right_boundary_cells
%store -r upstream_boundary_cells
%store -r downstream_boundary_cells
%store -r all_boundary_cells
%store -r unique_boundary_cells
%store -r left_boundary_cells_first_layer
%store -r right_boundary_cells_first_layer
%store -r upstream_boundary_cells_first_layer
%store -r downstream_boundary_cells_first_layer
%store -r max_elevation_upstream
%store -r max_elevation_downstream
%store -r gw_elevation_left_first
%store -r gw_elevation_left_last
%store -r gw_elevation_right_first
%store -r gw_elevation_right_last
%store -r gw_elevation_upstream_first
%store -r gw_elevation_upstream_last
%store -r gw_elevation_downstream_first
%store -r gw_elevation_downstream_last
%store -r gw_elevation_left
%store -r gw_elevation_right
%store -r gw_elevation_upstream
%store -r gw_elevation_downstream
%store -r grid_points_coords
%store -r elevation_values
%store -r grid_points_df
%store -r output_csv
%store -r cropped_df
%store -r river_cells
%store -r river_x
%store -r river_y
%store -r river_elevation
%store -r chd_data
%store -r unique_chd_cells
%store -r duplicate_chd_cells
%store -r chd_data_converted

# retrieve well data
%store -r wel_data

# retrieve nodes
# %store -r nodes

------------------


[1;31m---------------------------------------------------------------------------[0m
[1;31mOSError[0m                                   Traceback (most recent call last)
File [1;32mc:\Users\u4eeevmq\Documents\Python\HyporheicFloPy\.venv\Lib\site-packages\IPython\core\magics\execution.py:720[0m, in [0;36mExecutionMagics.run[1;34m(self, parameter_s, runner, file_finder)[0m
[0;32m    719[0m     fpath [38;5;241m=[39m arg_lst[[38;5;241m0[39m]
[1;32m--> 720[0m     filename [38;5;241m=[39m [43mfile_finder[49m[43m([49m[43mfpath[49m[43m)[49m
[0;32m    721[0m [38;5;28;01mexcept[39;00m [38;5;167;01mIndexError[39;00m [38;5;28;01mas[39;00m e:

File [1;32mc:\Users\u4eeevmq\Documents\Python\HyporheicFloPy\.venv\Lib\site-packages\IPython\utils\path.py:91[0m, in [0;36mget_py_filename[1;34m(name)[0m
[0;32m     90[0m         [38;5;28;01mreturn[39;00m py_name
[1;32m---> 91[0m [38;5;28;01mraise[39;00m [38;5;167;01mIOError[39;00m([38;5;124m"[39m[38;5;124mFile `[39m[38;5;132;01m%r[39;00m[38;5;124m` not found.[39m[38;5;124m"[39m [38;5;241m%[39m name)

[1;31mOSError[0m: File `'/Users/u4eeevmq/Documents/Python/HyporheicFloPy/VQuintana/common_imports.py'` not found.

The above exception was the direct cause of the following exception:

[1;31mException[0m                                 Traceback (most recent call last)
Cell [1;32mIn[1], line 2[0m
[0;32m      1[0m [38;5;66;03m# Import Libraries[39;00m
[1;32m----> 2[0m [43mget_ipython[49m[43m([49m[43m)[49m[38;5;241;43m.[39;49m[43mrun_line_magic[49m[43m([49m[38;5;124;43m'[39;49m[38;5;124;43mrun[39;49m[38;5;124;43m'[39;49m[43m,[49m[43m [49m[38;5;124;43m'[39;49m[38;5;124;43m/Users/u4eeevmq/Documents/Python/HyporheicFloPy/VQuintana/common_imports.py[39;49m[38;5;124;43m'[39;49m[43m)[49m
[0;32m      4[0m [38;5;66;03m# Retrieve stored variables[39;00m
[0;32m      5[0m get_ipython()[38;5;241m.[39mrun_line_magic([38;5;124m'[39m[38;5;124mstore[39m[38;5;124m'[39m, [38;5;124m'[39m[38;5;124m-r md6_exe_path[39m[38;5;124m'[39m)

File [1;32mc:\Users\u4eeevmq\Documents\Python\HyporheicFloPy\.venv\Lib\site-packages\IPython\core\interactiveshell.py:2480[0m, in [0;36mInteractiveShell.run_line_magic[1;34m(self, magic_name, line, _stack_depth)[0m
[0;32m   2478[0m     kwargs[[38;5;124m'[39m[38;5;124mlocal_ns[39m[38;5;124m'[39m] [38;5;241m=[39m [38;5;28mself[39m[38;5;241m.[39mget_local_scope(stack_depth)
[0;32m   2479[0m [38;5;28;01mwith[39;00m [38;5;28mself[39m[38;5;241m.[39mbuiltin_trap:
[1;32m-> 2480[0m     result [38;5;241m=[39m [43mfn[49m[43m([49m[38;5;241;43m*[39;49m[43margs[49m[43m,[49m[43m [49m[38;5;241;43m*[39;49m[38;5;241;43m*[39;49m[43mkwargs[49m[43m)[49m
[0;32m   2482[0m [38;5;66;03m# The code below prevents the output from being displayed[39;00m
[0;32m   2483[0m [38;5;66;03m# when using magics with decorator @output_can_be_silenced[39;00m
[0;32m   2484[0m [38;5;66;03m# when the last Python token in the expression is a ';'.[39;00m
[0;32m   2485[0m [38;5;28;01mif[39;00m [38;5;28mgetattr[39m(fn, magic[38;5;241m.[39mMAGIC_OUTPUT_CAN_BE_SILENCED, [38;5;28;01mFalse[39;00m):

File [1;32mc:\Users\u4eeevmq\Documents\Python\HyporheicFloPy\.venv\Lib\site-packages\IPython\core\magics\execution.py:731[0m, in [0;36mExecutionMagics.run[1;34m(self, parameter_s, runner, file_finder)[0m
[0;32m    729[0m     [38;5;28;01mif[39;00m os[38;5;241m.[39mname [38;5;241m==[39m [38;5;124m'[39m[38;5;124mnt[39m[38;5;124m'[39m [38;5;129;01mand[39;00m re[38;5;241m.[39mmatch([38;5;124mr[39m[38;5;124m"[39m[38;5;124m^[39m[38;5;124m'[39m[38;5;124m.*[39m[38;5;124m'[39m[38;5;124m$[39m[38;5;124m"[39m,fpath):
[0;32m    730[0m         warn([38;5;124m'[39m[38;5;124mFor Windows, use double quotes to wrap a filename: [39m[38;5;132;01m%r[39;00m[38;5;124mun [39m[38;5;124m"[39m[38;5;124mmypath[39m[38;5;130;01m\\[39;00m[38;5;124mmyfile.py[39m[38;5;124m"[39m[38;5;124m'[39m)
[1;32m--> 731[0m     [38;5;28;01mraise[39;00m [38;5;167;01mException[39;00m(msg) [38;5;28;01mfrom[39;00m[38;5;250m [39m[38;5;21;01me[39;00m
[0;32m    732[0m [38;5;28;01mexcept[39;00m [38;5;167;01mTypeError[39;00m:
[0;32m    733[0m     [38;5;28;01mif[39;00m fpath [38;5;129;01min[39;00m sys[38;5;241m.[39mmeta_path:

[1;31mException[0m: File `'/Users/u4eeevmq/Documents/Python/HyporheicFloPy/VQuintana/common_imports.py'` not found.

